python : 2026-04-17 16:49:20,317 - INFO - Setting up Playwright browser...
At line:1 char:44
+ ... jape1\Desktop\Git\pokescraper; python test_end_to_end.py 2>&1 | tee t ...
+                                    ~~~~~~~~~~~~~~~~~~~~~~~~~~~~~~
    + CategoryInfo          : NotSpecified: (2026-04-17 16:4...ight browser... 
   :String) [], RemoteException
    + FullyQualifiedErrorId : NativeCommandError
 
2026-04-17 16:49:20,993 - INFO - Browser setup complete
2026-04-17 16:49:20,993 - INFO - Fetching games list from TCGPlayer Product 
Line filter...
2026-04-17 16:49:25,638 - INFO - Found 68 games: ['Akora TCG', 'Alpha Clash', 
'Alternate Souls', 'Argent Saga TCG', 'Bakugan TCG', 'Battle Spirits Saga', 
'Books', 'Bulk Lots', 'Card Sleeves', 'Card Storage Tins']
2026-04-17 16:49:25,638 - INFO - Fetching sets for game: pokemon
2026-04-17 16:49:30,254 - INFO - Found 211 sets: ['Alternate Art Promos', 
'Aquapolis', 'Arceus', 'Base Set', 'Base Set 2', 'Battle Academy', 'Battle 
Academy 2022', 'Battle Academy 2024', 'Best of Promos', 'Black and White']
2026-04-17 16:49:30,255 - INFO - Scraping price guide for Base Set
2026-04-17 16:49:30,255 - INFO - Navigating to game page: 
https://www.tcgplayer.com/search/pokemon/product?view=grid
2026-04-17 16:49:33,616 - INFO - Expanding Set filter...
2026-04-17 16:49:34,665 - INFO - Clicking set filter: Base Set
2026-04-17 16:49:37,750 - INFO - Collecting card links from page 1...
2026-04-17 16:49:37,750 - ERROR - Error scraping price guide: name 'set_url' 
is not defined
Traceback (most recent call last):
  File "C:\Users\jape1\Desktop\Git\pokescraper\test_end_to_end.py", line 69, 
in test_end_to_end
    card_data = await scraper.scrape_set_price_guide(
                ^^^^^^^^^^^^^^^^^^^^^^^^^^^^^^^^^^^^^
    ...<4 lines>...
    )
    ^
  File "C:\Users\jape1\Desktop\Git\pokescraper\src\scraper.py", line 640, in 
scrape_set_price_guide
    page_url = f"{set_url}?page={page_num}"
                  ^^^^^^^
NameError: name 'set_url' is not defined
2026-04-17 16:49:37,751 - INFO - Tearing down Playwright browser...
2026-04-17 16:49:37,830 - INFO - Browser teardown complete

================================================================================
POKESCRAPER - END-TO-END PIPELINE TEST
================================================================================

[1] Browser setup complete

[2] Fetching games...
    [OK] Found 68 games
    [OK] Selected: Pokemon

[3] Fetching sets for Pokemon...
    [OK] Found 211 sets
    [OK] Selected: Base Set

[4] Scraping set (max 5 cards for quick test)...
    [INFO] This will test the card scraping pipeline

[FAIL] ERROR: name 'set_url' is not defined

[7] Cleaning up...
    [OK] Browser teardown complete

